C51 COMPILER V9.01   MAIN                                                                  04/08/2021 00:09:35 PAGE 1   


C51 COMPILER V9.01, COMPILATION OF MODULE MAIN
OBJECT MODULE PLACED IN main.OBJ
COMPILER INVOKED BY: C:\Keil\C51\BIN\C51.EXE main.c BROWSE DEBUG OBJECTEXTEND

line level    source

   1          #include "reg52.h"                       //此文件中定义了单片机的一些特殊功能寄存器
   2                  
   3          
   4          typedef unsigned int u16;         //对数据类型进行声明定义
   5          typedef unsigned char u8;
   6          
   7          sbit LSA=P2^2;
   8          sbit LSB=P2^3;
   9          sbit LSC=P2^4;
  10          
  11          sbit IRIN=P3^2;
  12          
  13          u8 IrValue[6];
  14          u8 Time;
  15          
  16          u8 DisplayData[8];
  17          u8 code smgduan[17]={
  18          0x3f,0x06,0x5b,0x4f,0x66,0x6d,0x7d,0x07,
  19          0x7f,0x6f,0x77,0x7c,0x39,0x5e,0x79,0x71,0X76};
  20          //0、1、2、3、4、5、6、7、8、9、A、b、C、d、E、F、H的显示码
  21          
  22          /*******************************************************************************
  23          * 函 数 名         : delay
  24          * 函数功能                 : 延时函数，i=1时，大约延时10us
  25          *******************************************************************************/
  26          void delay(u16 i)
  27          {
  28   1              while(i--);     
  29   1      }
  30          
  31          
  32          /*******************************************************************************
  33          * 函数名         :DigDisplay()
  34          * 函数功能               :数码管显示函数
  35          * 输入           : 无
  36          * 输出           : 无
  37          *******************************************************************************/
  38          void DigDisplay()
  39          {
  40   1              u8 i;
  41   1              for(i=0;i<3;i++)
  42   1              {
  43   2                      switch(i)        //位选，选择点亮的数码管，
  44   2                      {
  45   3                              case(0):
  46   3                                      LSA=0;LSB=0;LSC=0; break;//显示第0位
  47   3                              case(1):
  48   3                                      LSA=1;LSB=0;LSC=0; break;//显示第1位
  49   3                              case(2):
  50   3                                      LSA=0;LSB=1;LSC=0; break;//显示第2位    
  51   3                      }
  52   2                      P0=DisplayData[i];//发送数据
  53   2                      delay(100); //间隔一段时间扫描  
  54   2                      P0=0x00;//消隐
  55   2              }               
C51 COMPILER V9.01   MAIN                                                                  04/08/2021 00:09:35 PAGE 2   

  56   1      }
  57          
  58           void IrInit()
  59          {
  60   1              IT0=1;//下降沿触发
  61   1              EX0=1;//打开中断0允许
  62   1              EA=1;   //打开总中断
  63   1      
  64   1              IRIN=1;//初始化端口
  65   1      }
  66          
  67          
  68          /*******************************************************************************
  69          * 函 数 名       : main
  70          * 函数功能               : 主函数
  71          * 输    入       : 无
  72          * 输    出       : 无
  73          *******************************************************************************/
  74          void main()
  75          {       
  76   1              IrInit();
  77   1              while(1)
  78   1              {       
  79   2                      DisplayData[0] = smgduan[IrValue[2]/16];
  80   2                      DisplayData[1] = smgduan[IrValue[2]%16];
  81   2                      DisplayData[2] = smgduan[16];
  82   2                  DigDisplay();               
  83   2              }               
  84   1      }
  85          
  86          /*******************************************************************************
  87          * 函数名         : ReadIr()
  88          * 函数功能                 : 读取红外数值的中断函数
  89          * 输入           : 无
  90          * 输出           : 无
  91          *******************************************************************************/
  92          
  93          void ReadIr() interrupt 0
  94          {
  95   1              u8 j,k;
  96   1              u16 err;
  97   1              Time=0;                                  
  98   1              delay(700);     //7ms
  99   1              if(IRIN==0)             //确认是否真的接收到正确的信号
 100   1              {        
 101   2                      
 102   2                      err=1000;                               //1000*10us=10ms,超过说明接收到错误的信号
 103   2                      /*当两个条件都为真是循环，如果有一个条件为假的时候跳出循环，免得程序出错的时
 104   2                      侯，程序死在这里*/      
 105   2                      while((IRIN==0)&&(err>0))       //等待前面9ms的低电平过去               
 106   2                      {                       
 107   3                              delay(1);
 108   3                              err--;
 109   3                      } 
 110   2                      if(IRIN==1)                     //如果正确等到9ms低电平
 111   2                      {
 112   3                              err=500;
 113   3                              while((IRIN==1)&&(err>0))                //等待4.5ms的起始高电平过去
 114   3                              {
 115   4                                      delay(1);
 116   4                                      err--;
 117   4                              }
C51 COMPILER V9.01   MAIN                                                                  04/08/2021 00:09:35 PAGE 3   

 118   3                              for(k=0;k<4;k++)                //共有4组数据
 119   3                              {                               
 120   4                                      for(j=0;j<8;j++)        //接收一组数据
 121   4                                      {
 122   5      
 123   5                                              err=60;         
 124   5                                              while((IRIN==0)&&(err>0))//等待信号前面的560us低电平过去
 125   5                                              {
 126   6                                                      delay(1);
 127   6                                                      err--;
 128   6                                              }
 129   5                                              err=500;
 130   5                                              while((IRIN==1)&&(err>0))        //计算高电平的时间长度。
 131   5                                              {
 132   6                                                      delay(10);       //0.1ms
 133   6                                                      Time++;
 134   6                                                      err--;
 135   6                                                      if(Time>30)
 136   6                                                      {
 137   7                                                              return;
 138   7                                                      }
 139   6                                              }
 140   5                                              IrValue[k]>>=1;  //k表示第几组数据
 141   5                                              if(Time>=8)                     //如果高电平出现大于565us，那么是1
 142   5                                              {
 143   6                                                      IrValue[k]|=0x80;
 144   6                                              }
 145   5                                              Time=0;         //用完时间要重新赋值                                                    
 146   5                                      }
 147   4                              }
 148   3                      }
 149   2                      if(IrValue[2]!=~IrValue[3])
 150   2                      {
 151   3                              return;
 152   3                      }
 153   2              }                       
 154   1      }
 155          


MODULE INFORMATION:   STATIC OVERLAYABLE
   CODE SIZE        =    339    ----
   CONSTANT SIZE    =     17    ----
   XDATA SIZE       =   ----    ----
   PDATA SIZE       =   ----    ----
   DATA SIZE        =     15       1
   IDATA SIZE       =   ----    ----
   BIT SIZE         =   ----    ----
END OF MODULE INFORMATION.


C51 COMPILATION COMPLETE.  0 WARNING(S),  0 ERROR(S)
