C51 COMPILER V9.01   MAIN                                                                  05/18/2021 17:29:58 PAGE 1   


C51 COMPILER V9.01, COMPILATION OF MODULE MAIN
OBJECT MODULE PLACED IN main.OBJ
COMPILER INVOKED BY: C:\Keil\C51\BIN\C51.EXE main.c BROWSE DEBUG OBJECTEXTEND

line level    source

   1          
   2          #include <reg52.h>                       //此文件中定义了单片机的一些特殊功能寄存器
   3          #include <LCD1602.h>    
   4                  
   5           uchar disp[]="Hello World";
   6          
   7          void main()
   8          {       
   9   1              uchar i;
  10   1              LCD_INIT();
  11   1              LCD_WRITE_COM(0x80+0x40); 
  12   1              for(i=0;i<11;i++)
  13   1              {
  14   2                      LCD_WRITE_DATA(disp[i]);
  15   2              }
  16   1      //      LCD_WRITE_COM(0x07);
  17   1      //      LCD_WRITE_COM(0x0f+0x80);
  18   1      //      while(1)
  19   1      //      {       for(i=0;i<16;i++)
  20   1      //      {
  21   1      //              LCD_WRITE_DATA(disp[i]);
  22   1      //              lcd1602_delay1ms(100);
  23   1      //
  24   1      //      }
  25   1      }


MODULE INFORMATION:   STATIC OVERLAYABLE
   CODE SIZE        =     31    ----
   CONSTANT SIZE    =   ----    ----
   XDATA SIZE       =   ----    ----
   PDATA SIZE       =   ----    ----
   DATA SIZE        =     12       1
   IDATA SIZE       =   ----    ----
   BIT SIZE         =   ----    ----
END OF MODULE INFORMATION.


C51 COMPILATION COMPLETE.  0 WARNING(S),  0 ERROR(S)
