C51 COMPILER V9.01   I2C                                                                   04/05/2021 15:21:03 PAGE 1   


C51 COMPILER V9.01, COMPILATION OF MODULE I2C
OBJECT MODULE PLACED IN i2c.OBJ
COMPILER INVOKED BY: C:\Keil\C51\BIN\C51.EXE i2c.c BROWSE DEBUG OBJECTEXTEND

line level    source

   1          #include"i2c.h"
*** ERROR C141 IN LINE 14 OF I2C.H: syntax error near 'addr', expected ')'
*** ERROR C132 IN LINE 15 OF I2C.H: 'IICSTART': not in formal parameter list
*** ERROR C132 IN LINE 16 OF I2C.H: 'IICEND': not in formal parameter list
*** ERROR C141 IN LINE 17 OF I2C.H: syntax error near 'dat', expected ')'
*** ERROR C132 IN LINE 17 OF I2C.H: '_IICSENDBYTE': not in formal parameter list
*** ERROR C141 IN LINE 18 OF I2C.H: syntax error near 'IICREADBYTE'
*** ERROR C132 IN LINE 18 OF I2C.H: 'IICREADBYTE': not in formal parameter list
*** ERROR C141 IN LINE 19 OF I2C.H: syntax error near 'IICREAD'
*** ERROR C132 IN LINE 19 OF I2C.H: 'IICREAD': not in formal parameter list
   2          
   3          /*******************************************************************************
   4          * 函数名         : Delay10us()
   5          * 函数功能                 : 延时10us
   6          * 输入           : 无
   7          * 输出           : 无
   8          *******************************************************************************/
   9          
  10          void DELAY10US()
  11          {
*** ERROR C132 IN LINE 11 OF I2C.C: 'DELAY10US': not in formal parameter list
*** ERROR C141 IN LINE 11 OF I2C.C: syntax error near '{'
  12                  unsigned char a,b;
*** ERROR C136 IN LINE 12 OF I2C.C: 'a': 'void' on variable
*** ERROR C132 IN LINE 12 OF I2C.C: 'a': not in formal parameter list
*** ERROR C136 IN LINE 12 OF I2C.C: 'b': 'void' on variable
*** ERROR C132 IN LINE 12 OF I2C.C: 'b': not in formal parameter list
  13                  for(b=1;b>0;b--)
*** ERROR C141 IN LINE 13 OF I2C.C: syntax error near 'for'
*** ERROR C141 IN LINE 13 OF I2C.C: syntax error near '=', expected ')'
*** ERROR C129 IN LINE 13 OF I2C.C: missing ';' before '>'
  14                          for(a=2;a>0;a--);
  15          
  16          }
  17          void IICSTART()
  18          {
  19           SDA=1;
  20           DELAY10US();
  21           SCL=1;
  22           DELAY10US();
  23           SDA=0;
  24           DELAY10US();
  25           SCL=0;
  26           DELAY10US();
  27          }
  28          void IICEND()
  29          {
  30           SDA=0;
  31           DELAY10US();
  32           SCL=1;
  33           DELAY10US();
  34           SDA=1;
  35           DELAY10US();
  36          }
  37          
C51 COMPILER V9.01   I2C                                                                   04/05/2021 15:21:03 PAGE 2   

  38          uchar IICSENDBYTE(uchar dat)
  39          {
  40           uint i;
  41           for(i=0;i<8;i++)
  42           {
  43                  
  44           }
  45          }

C51 COMPILATION COMPLETE.  0 WARNING(S),  18 ERROR(S)
